// Jest Snapshot v1, https://goo.gl/fbAQLP

exports[`Test <Image />:  css prop should be added 1`] = `
.c0 {
  box-sizing: border-box;
  height: auto;
  max-width: 100%;
  -webkit-transition: all 0.3s cubic-bezier(0.53,0.01,0.36,1.63);
  transition: all 0.3s cubic-bezier(0.53,0.01,0.36,1.63);
  object-fit: contain;
  background-color: black;
}

<img
  class="c0"
  height="auto"
/>
`;
